// Jest Snapshot v1, https://goo.gl/fbAQLP

exports[`React-ChronoScope Component Tests Component: TreeGraph should render correctly with no props 1`] = `undefined`;
